// Jest Snapshot v1, https://goo.gl/fbAQLP

exports[`<MyProfile /> MyProfile snapshot test 1`] = `
<View
  style={
    Object {
      "backgroundColor": "#ffffff",
      "flex": 1,
    }
  }
>
  <View
    accessibilityIgnoresInvertColors={true}
    style={
      Object {
        "alignItems": "center",
        "borderBottomLeftRadius": 25,
        "borderBottomRightRadius": 25,
        "height": 393,
        "marginTop": -65,
        "overflow": "hidden",
        "width": 750,
      }
    }
  >
    <Image
      resizeMode="cover"
      source={1}
      style={
        Array [
          Object {
            "bottom": 0,
            "left": 0,
            "position": "absolute",
            "right": 0,
            "top": 0,
          },
          Object {
            "height": 393,
            "width": 750,
          },
          Object {},
        ]
      }
    />
    <View
      accessibilityIgnoresInvertColors={true}
      style={
        Object {
          "borderRadius": 100,
          "height": 182,
          "marginTop": 106,
          "width": 182,
        }
      }
    >
      <Image
        resizeMode="cover"
        source={1}
        style={
          Array [
            Object {
              "bottom": 0,
              "left": 0,
              "position": "absolute",
              "right": 0,
              "top": 0,
            },
            Object {
              "height": 182,
              "width": 182,
            },
            Object {
              "borderRadius": 100,
            },
          ]
        }
      />
      <View
        accessible={true}
        focusable={true}
        onClick={[Function]}
        onResponderGrant={[Function]}
        onResponderMove={[Function]}
        onResponderRelease={[Function]}
        onResponderTerminate={[Function]}
        onResponderTerminationRequest={[Function]}
        onStartShouldSetResponder={[Function]}
        style={
          Object {
            "opacity": 1,
          }
        }
      >
        <Text />
      </View>
    </View>
    <TextInput
      allowFontScaling={true}
      editable={false}
      label="Name"
      onChangeText={[Function]}
      rejectResponderTermination={true}
      style={
        Object {
          "color": "rgba(255,255,255,1)",
          "fontSize": 45,
          "fontWeight": "bold",
          "marginTop": 27,
        }
      }
      underlineColorAndroid="transparent"
    >
      
    </TextInput>
  </View>
  <View
    style={
      Object {
        "alignItems": "center",
        "flexDirection": "row",
      }
    }
  >
    <Text
      style={
        Object {
          "color": "#121212",
          "fontSize": 25,
          "marginLeft": 16,
          "marginTop": 10,
        }
      }
    >
      Email:
    </Text>
    <TextInput
      allowFontScaling={true}
      editable={false}
      onChangeText={[Function]}
      rejectResponderTermination={true}
      style={
        Object {
          "color": "#121212",
          "fontSize": 25,
          "marginLeft": 16,
          "marginTop": 10,
        }
      }
      underlineColorAndroid="transparent"
    >
      
    </TextInput>
  </View>
  <View
    style={
      Object {
        "backgroundColor": "#bcbbc1",
        "height": 0.5,
        "marginTop": 10,
      }
    }
  />
  <View
    style={
      Object {
        "alignItems": "center",
        "flexDirection": "row",
      }
    }
  >
    <Text
      style={
        Object {
          "color": "#121212",
          "fontSize": 25,
          "marginLeft": 16,
          "marginTop": 10,
        }
      }
    >
      Cooking Skill:
    </Text>
    <TextInput
      allowFontScaling={true}
      editable={false}
      onChangeText={[Function]}
      rejectResponderTermination={true}
      style={
        Object {
          "color": "#121212",
          "fontSize": 25,
          "marginLeft": 16,
          "marginTop": 10,
        }
      }
      underlineColorAndroid="transparent"
    >
      
    </TextInput>
  </View>
  <View
    style={
      Object {
        "backgroundColor": "#bcbbc1",
        "height": 0.5,
        "marginTop": 10,
      }
    }
  />
  <View
    style={
      Object {
        "alignItems": "center",
        "flexDirection": "row",
      }
    }
  >
    <Text
      style={
        Object {
          "color": "#121212",
          "fontSize": 25,
          "marginLeft": 16,
          "marginTop": 10,
        }
      }
    >
      Preferred Measurements:
    </Text>
    <TextInput
      allowFontScaling={true}
      editable={false}
      onChangeText={[Function]}
      rejectResponderTermination={true}
      style={
        Object {
          "color": "#121212",
          "fontSize": 25,
          "marginLeft": 16,
          "marginTop": 10,
        }
      }
      underlineColorAndroid="transparent"
    >
      
    </TextInput>
  </View>
  <View
    style={
      Object {
        "backgroundColor": "#bcbbc1",
        "height": 0.5,
        "marginTop": 10,
      }
    }
  />
  <Text
    style={
      Object {
        "color": "#121212",
        "fontSize": 25,
        "marginLeft": 16,
        "marginTop": 10,
      }
    }
  >
    Allergies:
  </Text>
  <TextInput
    allowFontScaling={true}
    editable={false}
    multiline={true}
    onChangeText={[Function]}
    rejectResponderTermination={true}
    style={
      Object {
        "color": "#121212",
        "fontSize": 25,
        "marginLeft": 16,
        "marginTop": 10,
      }
    }
    underlineColorAndroid="transparent"
  >
    
  </TextInput>
  <View
    style={
      Object {
        "backgroundColor": "#bcbbc1",
        "height": 0.5,
        "marginTop": 10,
      }
    }
  />
  <View
    accessible={true}
    focusable={true}
    onClick={[Function]}
    onResponderGrant={[Function]}
    onResponderMove={[Function]}
    onResponderRelease={[Function]}
    onResponderTerminate={[Function]}
    onResponderTerminationRequest={[Function]}
    onStartShouldSetResponder={[Function]}
    style={
      Object {
        "justifyContent": "center",
        "opacity": 1,
      }
    }
  >
    <View
      style={
        Object {
          "alignItems": "center",
          "flexDirection": "row",
        }
      }
    >
      <Text
        style={
          Object {
            "color": "#121212",
            "fontSize": 25,
            "marginLeft": 16,
            "marginTop": 10,
          }
        }
      >
        My Recipes
      </Text>
      <Text />
    </View>
  </View>
  <View
    style={
      Object {
        "backgroundColor": "#bcbbc1",
        "height": 0.5,
        "marginTop": 10,
      }
    }
  />
  <View
    accessible={true}
    focusable={true}
    onClick={[Function]}
    onResponderGrant={[Function]}
    onResponderMove={[Function]}
    onResponderRelease={[Function]}
    onResponderTerminate={[Function]}
    onResponderTerminationRequest={[Function]}
    onStartShouldSetResponder={[Function]}
    style={
      Object {
        "justifyContent": "center",
        "opacity": 1,
      }
    }
  >
    <View
      style={
        Object {
          "alignItems": "center",
          "flexDirection": "row",
        }
      }
    >
      <Text
        style={
          Object {
            "color": "#121212",
            "fontSize": 25,
            "marginLeft": 16,
            "marginTop": 10,
          }
        }
      >
        Shopping List
      </Text>
      <Text />
    </View>
  </View>
  <View
    style={
      Object {
        "backgroundColor": "#bcbbc1",
        "height": 0.5,
        "marginTop": 10,
      }
    }
  />
  <View
    accessible={true}
    focusable={false}
    onClick={[Function]}
    onResponderGrant={[Function]}
    onResponderMove={[Function]}
    onResponderRelease={[Function]}
    onResponderTerminate={[Function]}
    onResponderTerminationRequest={[Function]}
    onStartShouldSetResponder={[Function]}
    style={
      Object {
        "justifyContent": "center",
        "opacity": 1,
      }
    }
  >
    <View
      style={
        Object {
          "alignItems": "center",
          "flexDirection": "row",
        }
      }
    >
      <Text
        style={
          Object {
            "color": "#121212",
            "fontSize": 25,
            "marginLeft": 16,
            "marginTop": 10,
          }
        }
      >
        Change Password
      </Text>
    </View>
  </View>
  <View
    style={
      Object {
        "backgroundColor": "#bcbbc1",
        "height": 0.5,
        "marginTop": 10,
      }
    }
  />
  <View
    accessible={true}
    focusable={false}
    onClick={[Function]}
    onResponderGrant={[Function]}
    onResponderMove={[Function]}
    onResponderRelease={[Function]}
    onResponderTerminate={[Function]}
    onResponderTerminationRequest={[Function]}
    onStartShouldSetResponder={[Function]}
    style={
      Object {
        "opacity": 1,
      }
    }
  >
    <View
      style={
        Object {
          "alignItems": "center",
          "flexDirection": "row",
        }
      }
    >
      <Text
        style={
          Object {
            "color": "#ff0000",
            "fontSize": 25,
            "marginLeft": 16,
            "marginTop": 10,
          }
        }
      >
        Delete Account
      </Text>
    </View>
  </View>
</View>
`;
