// Jest Snapshot v1, https://goo.gl/fbAQLP

exports[`ShoppingList  ShoppingList snapshot test 1`] = `
<View
  style={
    Object {
      "flex": 1,
    }
  }
>
  <RCTScrollView
    style={Object {}}
  >
    <View>
      <View
        style={
          Object {
            "flex": 1,
          }
        }
      >
        <View
          style={
            Object {
              "flexDirection": "row",
            }
          }
        >
          <View
            accessibilityRole="checkbox"
            accessibilityState={
              Object {
                "checked": false,
              }
            }
            accessible={true}
            focusable={true}
            onClick={[Function]}
            onResponderGrant={[Function]}
            onResponderMove={[Function]}
            onResponderRelease={[Function]}
            onResponderTerminate={[Function]}
            onResponderTerminationRequest={[Function]}
            onStartShouldSetResponder={[Function]}
            style={
              Object {
                "backgroundColor": "#fafafa",
                "borderColor": "#ededed",
                "borderRadius": 3,
                "borderWidth": 1,
                "margin": 5,
                "marginLeft": 10,
                "marginRight": 10,
                "opacity": 1,
                "padding": 10,
                "width": 700,
              }
            }
            testID="checkbox"
          >
            <View
              style={
                Object {
                  "alignItems": "center",
                  "flexDirection": "row",
                }
              }
            >
              <Text />
              <Text
                style={
                  Object {
                    "color": "#43484d",
                    "fontWeight": "bold",
                    "marginLeft": 10,
                    "marginRight": 10,
                  }
                }
                testID="checkboxTitle"
              >
                White Bread
              </Text>
            </View>
          </View>
          <View
            style={
              Object {
                "backgroundColor": "white",
                "height": 44,
                "justifyContent": "center",
                "marginLeft": -8,
                "marginTop": 6,
                "width": 35,
              }
            }
          >
            <Text
              style={
                Object {
                  "textAlign": "center",
                }
              }
            >
              1
            </Text>
          </View>
        </View>
      </View>
      <View
        style={
          Object {
            "flex": 1,
          }
        }
      >
        <View
          style={
            Object {
              "flexDirection": "row",
            }
          }
        >
          <View
            accessibilityRole="checkbox"
            accessibilityState={
              Object {
                "checked": false,
              }
            }
            accessible={true}
            focusable={true}
            onClick={[Function]}
            onResponderGrant={[Function]}
            onResponderMove={[Function]}
            onResponderRelease={[Function]}
            onResponderTerminate={[Function]}
            onResponderTerminationRequest={[Function]}
            onStartShouldSetResponder={[Function]}
            style={
              Object {
                "backgroundColor": "#fafafa",
                "borderColor": "#ededed",
                "borderRadius": 3,
                "borderWidth": 1,
                "margin": 5,
                "marginLeft": 10,
                "marginRight": 10,
                "opacity": 1,
                "padding": 10,
                "width": 700,
              }
            }
            testID="checkbox"
          >
            <View
              style={
                Object {
                  "alignItems": "center",
                  "flexDirection": "row",
                }
              }
            >
              <Text />
              <Text
                style={
                  Object {
                    "color": "#43484d",
                    "fontWeight": "bold",
                    "marginLeft": 10,
                    "marginRight": 10,
                  }
                }
                testID="checkboxTitle"
              >
                Ground Beef
              </Text>
            </View>
          </View>
          <View
            style={
              Object {
                "backgroundColor": "white",
                "height": 44,
                "justifyContent": "center",
                "marginLeft": -8,
                "marginTop": 6,
                "width": 35,
              }
            }
          >
            <Text
              style={
                Object {
                  "textAlign": "center",
                }
              }
            >
              3
            </Text>
          </View>
        </View>
      </View>
      <View
        style={
          Object {
            "flex": 1,
          }
        }
      >
        <View
          style={
            Object {
              "flexDirection": "row",
            }
          }
        >
          <View
            accessibilityRole="checkbox"
            accessibilityState={
              Object {
                "checked": false,
              }
            }
            accessible={true}
            focusable={true}
            onClick={[Function]}
            onResponderGrant={[Function]}
            onResponderMove={[Function]}
            onResponderRelease={[Function]}
            onResponderTerminate={[Function]}
            onResponderTerminationRequest={[Function]}
            onStartShouldSetResponder={[Function]}
            style={
              Object {
                "backgroundColor": "#fafafa",
                "borderColor": "#ededed",
                "borderRadius": 3,
                "borderWidth": 1,
                "margin": 5,
                "marginLeft": 10,
                "marginRight": 10,
                "opacity": 1,
                "padding": 10,
                "width": 700,
              }
            }
            testID="checkbox"
          >
            <View
              style={
                Object {
                  "alignItems": "center",
                  "flexDirection": "row",
                }
              }
            >
              <Text />
              <Text
                style={
                  Object {
                    "color": "#43484d",
                    "fontWeight": "bold",
                    "marginLeft": 10,
                    "marginRight": 10,
                  }
                }
                testID="checkboxTitle"
              >
                Chicken
              </Text>
            </View>
          </View>
          <View
            style={
              Object {
                "backgroundColor": "white",
                "height": 44,
                "justifyContent": "center",
                "marginLeft": -8,
                "marginTop": 6,
                "width": 35,
              }
            }
          >
            <Text
              style={
                Object {
                  "textAlign": "center",
                }
              }
            >
              2
            </Text>
          </View>
        </View>
      </View>
      <View
        style={
          Object {
            "flex": 1,
          }
        }
      >
        <View
          style={
            Object {
              "flexDirection": "row",
            }
          }
        >
          <View
            accessibilityRole="checkbox"
            accessibilityState={
              Object {
                "checked": false,
              }
            }
            accessible={true}
            focusable={true}
            onClick={[Function]}
            onResponderGrant={[Function]}
            onResponderMove={[Function]}
            onResponderRelease={[Function]}
            onResponderTerminate={[Function]}
            onResponderTerminationRequest={[Function]}
            onStartShouldSetResponder={[Function]}
            style={
              Object {
                "backgroundColor": "#fafafa",
                "borderColor": "#ededed",
                "borderRadius": 3,
                "borderWidth": 1,
                "margin": 5,
                "marginLeft": 10,
                "marginRight": 10,
                "opacity": 1,
                "padding": 10,
                "width": 700,
              }
            }
            testID="checkbox"
          >
            <View
              style={
                Object {
                  "alignItems": "center",
                  "flexDirection": "row",
                }
              }
            >
              <Text />
              <Text
                style={
                  Object {
                    "color": "#43484d",
                    "fontWeight": "bold",
                    "marginLeft": 10,
                    "marginRight": 10,
                  }
                }
                testID="checkboxTitle"
              >
                Eggs
              </Text>
            </View>
          </View>
          <View
            style={
              Object {
                "backgroundColor": "white",
                "height": 44,
                "justifyContent": "center",
                "marginLeft": -8,
                "marginTop": 6,
                "width": 35,
              }
            }
          >
            <Text
              style={
                Object {
                  "textAlign": "center",
                }
              }
            >
              12
            </Text>
          </View>
        </View>
      </View>
    </View>
  </RCTScrollView>
</View>
`;
